lang: cpp
imports:
  L1 include "vector"
  L2 include "repo.hpp"
symbols:
  0. L4-46 public namespace store
      sig: namespace store
  1. L7-19 public class Repo in=0
      sig: class Repo : public Base, private Mixin
      doc: "Base repository."
  2. L9-9 public constructor Repo.Repo in=1 [decl] params=0..0
      sig: Repo()
  3. L10-10 public method Repo.~Repo in=1 [decl] params=0..0
      sig: virtual ~Repo()
  4. L11-11 public method Repo.find in=1 [decl] params=1..1
      sig: virtual int find(int id) const = 0
  5. L12-12 public method Repo.create in=1 [static,decl] params=0..0
      sig: static Repo* create()
  6. L15-15 protected field Repo.count_ in=1
      sig: int count_
  7. L18-18 private method Repo.reset in=1 [decl] params=0..0
      sig: void reset()
  8. L21-25 public struct Point in=0
      sig: struct Point
  9. L22-22 public field Point.x in=8
      sig: int x
  10. L23-23 public field Point.y in=8
      sig: int y
  11. L24-24 public method Point.norm in=8 params=0..0
      sig: int norm() const
  12. L28-30 public func max_of in=0 params=2..2
      sig: template <typename T> T max_of(T a, T b)
  13. L32-34 public constructor Repo.Repo in=0 params=0..0
      sig: Repo::Repo() : count_(0)
  14. L36-40 public method Repo.find in=0 params=1..1
      sig: int Repo::find(int id) const
  15. L42-42 public enum Mode in=0
      sig: enum class Mode
  16. L42-42 public enum_member Mode.Read in=15
      sig: Read
  17. L42-42 public enum_member Mode.Write in=15
      sig: Write
  18. L44-44 public type_alias IdList in=0
      sig: using IdList = std::vector<int>
  19. L48-51 public func main params=0..0
      sig: int main()
  20. L54-54 public func parse [decl] params=1..
      sig: int parse(const char* s, int len = -1, ...)
      doc: "A free prototype with a default and a variadic tail."
  21. L56-58 public namespace cfg
      sig: namespace cfg
  22. L57-57 public var limit in=21
      sig: int limit = 3
hints:
  L11 id: int in=4
  L15 count_: int in=1
  L22 x: int in=8
  L23 y: int in=8
  L28 a: T in=12
  L28 b: T in=12
  L36 id: int in=14
  L37 p: Point in=14
  L49 r: store::Repo in=19
  L54 s: char in=20
  L57 limit: int in=21
refs:
  L7:21 extends Base in=1
  L7:35 extends Mixin in=1
  L12:12 type Repo in=5
  L27:20 type T in=12
  L28:1 type T in=12
  L28:10 type T in=12
  L28:15 type T in=12
  L33:5 call reset in=13 args=0
  L37:18 instantiate Point in=14 args=0
  L38:10 call sort on="std" in=14 args=2 types=()begin,()end
  L38:21 call begin on="items" in=14 args=0
  L38:36 call end on="items" in=14 args=0
  L39:20 call lookup on="helper" in=14 args=1 types=id
  L44:21 type vector in=18
  L49:12 type Repo on="store" in=19
  L50:14 call find on="r" in=19 args=1 types=#n
