lang: dart
package: store
imports:
  L3 module "dart:async"
  L4 module "package:http/http.dart" as http
  L5 module "package:store/models.dart" {User} {Mode}
  L6 reexport "src/repo.dart"
exports:
  L6 * from "src/repo.dart"
symbols:
  0. L9-28 public class UserRepo
      sig: class UserRepo extends BaseRepo<User> with Logging implements Repo
      doc: "A user repository."
  1. L10-10 private field UserRepo._cache in=0
      sig: final Map<String, User> _cache = {}
  2. L11-11 public field UserRepo.limit in=0 [static]
      sig: static const int limit = 10
  3. L12-12 public field UserRepo.name in=0
      sig: String name
  4. L14-14 public constructor UserRepo.UserRepo in=0 params=1..1
      sig: UserRepo(this.name)
  5. L16-16 public constructor UserRepo.named in=0 params=1..1
      sig: UserRepo.named(String n)
  6. L19-24 public method UserRepo.find in=0 [override] params=1..1
      sig: Future<User?> find(String id)
  7. L27-27 private method UserRepo._legacy in=0 [deprecated] params=0..0
      sig: void _legacy()
  8. L30-32 public class Repo [abstract]
      sig: abstract class Repo
  9. L31-31 public method Repo.find in=8 [decl] params=1..1
      sig: Future<User?> find(String id)
  10. L34-34 public enum Mode
      sig: enum Mode
  11. L34-34 public enum_member Mode.read in=10
      sig: read
  12. L34-34 public enum_member Mode.write in=10
      sig: write
  13. L36-38 public trait Logging
      sig: mixin Logging
  14. L37-37 public method Logging.log in=13 params=1..1
      sig: void log(String m)
  15. L40-40 public type_alias Id
      sig: typedef Id = String
  16. L42-42 public func topLevel params=1..1
      sig: int topLevel(int x)
  17. L44-44 private var _private
      sig: _private = 0
hints:
  L10 _cache: Map in=0
  L12 name: String in=0
  L16 n: String in=5
  L19 id: String in=6
  L21 u: User() in=6
  L31 id: String in=9
  L37 m: String in=14
  L42 x: int in=16
refs:
  L9:24 extends BaseRepo in=0
  L9:33 type User in=0
  L9:44 implements Logging in=0
  L9:63 implements Repo in=0
  L10:9 type Map in=1
  L10:13 type String in=1
  L10:21 type User in=1
  L12:3 type String in=3
  L16:18 type String in=5
  L18:4 decorator override in=6
  L19:3 type Future in=6
  L19:10 type User in=6
  L19:22 type String in=6
  L20:12 call check on="Helper" in=6 args=1 types=id
  L21:15 call User in=6 args=1 types=id
  L22:16 call get pkg="package:http/http.dart" in=6 args=1
  L22:24 call parse on="Uri" in=6 args=1 types=id
  L26:4 decorator deprecated in=7
  L31:3 type Future in=9
  L31:10 type User in=9
  L31:22 type String in=9
  L37:12 type String in=14
  L37:25 call print in=14 args=1 types=m
  L40:14 type String in=15
  L42:24 call helper in=16 args=1 types=x
