lang: kotlin
package: com.example.store
imports:
  L3 module "kotlin.collections.List"
  L4 wildcard "com.example.base"
  L5 module "com.example.util.Helper" as H
symbols:
  0. L8-26 public class UserRepo
      sig: @Service class UserRepo(private val db: Database) : BaseRepo<User>(), Repo, AutoCloseable
      doc: "A user repository."
  1. L9-9 private property UserRepo.db in=0
      sig: private val db: Database
  2. L10-10 private property UserRepo.cache in=0
      sig: private val cache = mutableMapOf<String, User>()
  3. L11-11 internal property UserRepo.count in=0
      sig: internal var count: Int = 0
  4. L13-17 public method UserRepo.find in=0 [override]
      sig: override fun find(id: String): User?
  5. L19-20 public method UserRepo.legacy in=0 [async,deprecated]
      sig: @Deprecated("old") suspend fun legacy()
  6. L23-23 public const UserRepo.LIMIT in=0
      sig: const val LIMIT = 10
  7. L24-24 public method UserRepo.create in=0
      sig: fun create(): UserRepo
  8. L28-30 public interface Repo
      sig: interface Repo
  9. L29-29 public method Repo.find in=8 [decl]
      sig: fun find(id: String): User?
  10. L32-32 public class User
      sig: data class User(val id: String)
  11. L32-32 public property User.id in=10
      sig: val id: String
  12. L34-34 public enum Mode
      sig: enum class Mode
  13. L34-34 public enum_member Mode.READ in=12
      sig: READ
  14. L34-34 public enum_member Mode.WRITE in=12
      sig: WRITE
  15. L36-38 public class Registry
      sig: object Registry
  16. L37-37 public method Registry.register in=15
      sig: fun register(r: Repo)
  17. L40-40 public type_alias Id
      sig: typealias Id = String
  18. L42-42 public func topLevel
      sig: fun topLevel(x: Int): Int
  19. L44-44 private func helper
      sig: private fun helper(x: Int)
hints:
  L9 db: Database in=0
  L10 cache: mutableMapOf() in=0
  L11 count: Int in=0
  L13 id: String in=4
  L15 u: User() in=4
  L29 id: String in=9
  L32 id: String in=10
  L37 r: Repo in=16
  L42 x: Int in=18
  L44 x: Int in=19
refs:
  L8:2 decorator Service in=0
  L9:32 type Database in=1
  L9:44 extends BaseRepo in=0
  L9:53 type User in=0
  L9:62 implements Repo in=0
  L9:68 implements AutoCloseable in=0
  L10:25 call mutableMapOf in=2
  L10:38 type String in=2
  L10:46 type User in=2
  L11:25 type Int in=3
  L13:27 type String in=4
  L13:36 type User in=4
  L14:11 call check pkg="com.example.util.Helper" in=4
  L15:17 call User in=4
  L16:32 call load on="db" in=4
  L19:6 decorator Deprecated in=5
  L24:23 type UserRepo in=7
  L24:34 call UserRepo in=7
  L24:43 call Database in=7
  L29:18 type String in=9
  L29:27 type User in=9
  L32:25 type String in=11
  L37:21 type Repo in=16
  L40:16 type String in=17
  L42:17 type Int in=18
  L42:23 type Int in=18
  L42:29 call helper in=18
  L44:23 type Int in=19
